// Jest Snapshot v1, https://goo.gl/fbAQLP

exports[`Home snapshot renders 1`] = `ReactWrapper {}`;
